Generated grpc workflow for golang code generation. Please make sure to
generate the RSA deploy keys and the GPG password as follows. For more
information see https://github.com/xh3b4sd/red.

    red generate keys -d .github/asset/some-org/some-repo

Upon RSA deploy key generation as described above, make sure to add the
generated public key as deploy key to the following github repository.

    https://github.com/some-org/some-repo

Upon GPG password generation as described above, make sure to add a secret
environment variable to the following github repository. Further use the
following secret name.

    repository:     https://github.com/xh3b4sd/workflow

    secret:         RED_GPG_PASS_SOMEORG_SOMEREPO

